#-----------------------------------------------------------
# Vivado v2020.2 (64-bit)
# SW Build 3064766 on Wed Nov 18 09:12:45 MST 2020
# IP Build 3064653 on Wed Nov 18 14:17:31 MST 2020
# Start of session at: Tue Sep 26 16:14:47 2023
# Process ID: 26228
# Current directory: D:/GitHub/2023-Fall-Hardware_Design_and_Lab_Lee/Lab1/Advanced/1-3fpga
# Command line: vivado.exe -gui_launcher_event rodinguilauncherevent5332 D:\GitHub\2023-Fall-Hardware_Design_and_Lab_Lee\Lab1\Advanced\1-3fpga\1-3FPGA.xpr
# Log file: D:/GitHub/2023-Fall-Hardware_Design_and_Lab_Lee/Lab1/Advanced/1-3fpga/vivado.log
# Journal file: D:/GitHub/2023-Fall-Hardware_Design_and_Lab_Lee/Lab1/Advanced/1-3fpga\vivado.jou
#-----------------------------------------------------------
start_gui
open_project D:/GitHub/2023-Fall-Hardware_Design_and_Lab_Lee/Lab1/Advanced/1-3fpga/1-3FPGA.xpr
update_compile_order -fileset sources_1
update_files -from_files D:/GitHub/2023-Fall-Hardware_Design_and_Lab_Lee/Lab1/Advanced/1-3fpga/Lab1_111062109_Crossbar_2x2_4bit_fpga.v -to_files D:/GitHub/2023-Fall-Hardware_Design_and_Lab_Lee/Lab1/Advanced/1-3fpga/Lab1_111062109_Crossbar_2x2_4bit.v -filesets [get_filesets *]
update_compile_order -fileset sources_1
synth_design -rtl -rtl_skip_mlo -name rtl_1
write_schematic D:/GitHub/2023-Fall-Hardware_Design_and_Lab_Lee/Lab1/Advanced/1-3fpga/schematic.sch
