#-----------------------------------------------------------
# Vivado v2020.2 (64-bit)
# SW Build 3064766 on Wed Nov 18 09:12:45 MST 2020
# IP Build 3064653 on Wed Nov 18 14:17:31 MST 2020
# Start of session at: Wed Oct 11 22:34:25 2023
# Process ID: 4908
# Current directory: D:/GitHub/2023-Fall-Hardware_Design_and_Lab_Lee/Lab1/Advanced/1-3fpga
# Command line: vivado.exe -gui_launcher_event rodinguilauncherevent3252 D:\GitHub\2023-Fall-Hardware_Design_and_Lab_Lee\Lab1\Advanced\1-3fpga\1-3FPGA.xpr
# Log file: D:/GitHub/2023-Fall-Hardware_Design_and_Lab_Lee/Lab1/Advanced/1-3fpga/vivado.log
# Journal file: D:/GitHub/2023-Fall-Hardware_Design_and_Lab_Lee/Lab1/Advanced/1-3fpga\vivado.jou
#-----------------------------------------------------------
start_gui
open_project D:/GitHub/2023-Fall-Hardware_Design_and_Lab_Lee/Lab1/Advanced/1-3fpga/1-3FPGA.xpr
update_compile_order -fileset sources_1
open_hw_manager
connect_hw_server -allow_non_jtag
disconnect_hw_server localhost:3121
connect_hw_server -allow_non_jtag
open_hw_target
set_property PROGRAM.FILE {D:/GitHub/2023-Fall-Hardware_Design_and_Lab_Lee/Lab1/Advanced/1-3fpga/1-3FPGA.runs/impl_1/Crossbar_2x2_4bit.bit} [get_hw_devices xc7a35t_0]
current_hw_device [get_hw_devices xc7a35t_0]
refresh_hw_device -update_hw_probes false [lindex [get_hw_devices xc7a35t_0] 0]
set_property PROBES.FILE {} [get_hw_devices xc7a35t_0]
set_property FULL_PROBES.FILE {} [get_hw_devices xc7a35t_0]
set_property PROGRAM.FILE {D:/GitHub/2023-Fall-Hardware_Design_and_Lab_Lee/Lab1/Advanced/1-3fpga/1-3FPGA.runs/impl_1/Crossbar_2x2_4bit.bit} [get_hw_devices xc7a35t_0]
program_hw_devices [get_hw_devices xc7a35t_0]
refresh_hw_device [lindex [get_hw_devices xc7a35t_0] 0]
