#-----------------------------------------------------------
# Webtalk v2020.2 (64-bit)
# SW Build 3064766 on Wed Nov 18 09:12:45 MST 2020
# IP Build 3064653 on Wed Nov 18 14:17:31 MST 2020
# Start of session at: Wed Oct 11 22:31:44 2023
# Process ID: 12420
# Current directory: D:/GitHub/2023-Fall-Hardware_Design_and_Lab_Lee/Lab2/Advanced/2-4/2-4.sim/sim_1/behav/xsim
# Command line: wbtcv.exe -mode batch -source D:/GitHub/2023-Fall-Hardware_Design_and_Lab_Lee/Lab2/Advanced/2-4/2-4.sim/sim_1/behav/xsim/xsim.dir/Multiplier_4bit_t_behav/webtalk/xsim_webtalk.tcl -notrace
# Log file: D:/GitHub/2023-Fall-Hardware_Design_and_Lab_Lee/Lab2/Advanced/2-4/2-4.sim/sim_1/behav/xsim/webtalk.log
# Journal file: D:/GitHub/2023-Fall-Hardware_Design_and_Lab_Lee/Lab2/Advanced/2-4/2-4.sim/sim_1/behav/xsim\webtalk.jou
#-----------------------------------------------------------
source D:/GitHub/2023-Fall-Hardware_Design_and_Lab_Lee/Lab2/Advanced/2-4/2-4.sim/sim_1/behav/xsim/xsim.dir/Multiplier_4bit_t_behav/webtalk/xsim_webtalk.tcl -notrace
