#-----------------------------------------------------------
# Webtalk v2020.2 (64-bit)
# SW Build 3064766 on Wed Nov 18 09:12:45 MST 2020
# IP Build 3064653 on Wed Nov 18 14:17:31 MST 2020
# Start of session at: Thu Sep 28 10:55:55 2023
# Process ID: 14024
# Current directory: D:/GitHub/2023-Fall-Hardware_Design_and_Lab_Lee/Lab1/Advanced/1-2/1-2.sim/sim_1/behav/xsim
# Command line: wbtcv.exe -mode batch -source D:/GitHub/2023-Fall-Hardware_Design_and_Lab_Lee/Lab1/Advanced/1-2/1-2.sim/sim_1/behav/xsim/xsim.dir/Crossbar_2x2_4bit_t_behav/webtalk/xsim_webtalk.tcl -notrace
# Log file: D:/GitHub/2023-Fall-Hardware_Design_and_Lab_Lee/Lab1/Advanced/1-2/1-2.sim/sim_1/behav/xsim/webtalk.log
# Journal file: D:/GitHub/2023-Fall-Hardware_Design_and_Lab_Lee/Lab1/Advanced/1-2/1-2.sim/sim_1/behav/xsim\webtalk.jou
#-----------------------------------------------------------
source D:/GitHub/2023-Fall-Hardware_Design_and_Lab_Lee/Lab1/Advanced/1-2/1-2.sim/sim_1/behav/xsim/xsim.dir/Crossbar_2x2_4bit_t_behav/webtalk/xsim_webtalk.tcl -notrace
